// Jest Snapshot v1, https://goo.gl/fbAQLP

exports[`Pruebas en el Entry Component debe de hacer match con el snapshot 1`] = `
<div class="entry-container mb-3 pointer p-2">
  <!--En este @click estamos usando el router para acceder a entry, y enviamos como parametro el id:10-->
  <!-- Title -->
  <div class="entry-title d-flex"><span class="text-success fs-5 fw-bold">9</span><span class="mx-1 fs-5">Mayo</span><span class="mx-1 fw-light">2024, Jueves</span></div>
  <div class="entry-description">hola mundo desde mock data
    <!--En lugar de entry.text usamos la propiedad computada-->
  </div>
</div>
`;
