// Jest Snapshot v1, https://goo.gl/fbAQLP

exports[`Pruebas en el EntryList debe de llamar el getEntriesByTerm sin termino y mostrar 2 entradas 1`] = `
<div class="entry-list-container">
  <div class="px-2 pt-2"><input type="text" class="form-control" placeholder="Buscar entradas"></div>
  <!--Creamos el botón para agregar nuevas entradas-->
  <div class="mt-2 d-flex flex-column"><button class="btn btn-primary mx-3"><i class="fa fa-plus-circle"></i> Nueva entrada </button></div>
  <div class="entry-scrollarea">
    <!-- Primer ejercicio, llamar al getter getEntriesByTerm para que imprima las entradas configuradas en el state: -->
    <!-- Mi respuesta: -->
    <!-- También se puede hacer sin mapGetters con $store.getters['journalModule/getEntriesByTerm']-->
    <entry-stub entry="[object Object]"></entry-stub>
    <entry-stub entry="[object Object]"></entry-stub>
  </div>
</div>
`;
